Archive member included to satisfy reference by file (symbol)

/opt/st/stm32cubeide_2.2.0/plugins/com.st.stm32cube.ide.mcu.externaltools.gnu-tools-for-stm32.14.3.rel1.linux64_1.0.100.202602081740/tools/bin/../lib/gcc/arm-none-eabi/14.3.1/../../../../arm-none-eabi/lib/thumb/v7e-m+dp/hard/libc_nano.a(libc_a-exit.o)
                              /opt/st/stm32cubeide_2.2.0/plugins/com.st.stm32cube.ide.mcu.externaltools.gnu-tools-for-stm32.14.3.rel1.linux64_1.0.100.202602081740/tools/bin/../lib/gcc/arm-none-eabi/14.3.1/../../../../arm-none-eabi/lib/thumb/v7e-m+dp/hard/crt0.o (exit)
/opt/st/stm32cubeide_2.2.0/plugins/com.st.stm32cube.ide.mcu.externaltools.gnu-tools-for-stm32.14.3.rel1.linux64_1.0.100.202602081740/tools/bin/../lib/gcc/arm-none-eabi/14.3.1/../../../../arm-none-eabi/lib/thumb/v7e-m+dp/hard/libc_nano.a(libc_a-findfp.o)
                              /opt/st/stm32cubeide_2.2.0/plugins/com.st.stm32cube.ide.mcu.externaltools.gnu-tools-for-stm32.14.3.rel1.linux64_1.0.100.202602081740/tools/bin/../lib/gcc/arm-none-eabi/14.3.1/../../../../arm-none-eabi/lib/thumb/v7e-m+dp/hard/libc_nano.a(libc_a-exit.o) (__stdio_exit_handler)
/opt/st/stm32cubeide_2.2.0/plugins/com.st.stm32cube.ide.mcu.externaltools.gnu-tools-for-stm32.14.3.rel1.linux64_1.0.100.202602081740/tools/bin/../lib/gcc/arm-none-eabi/14.3.1/../../../../arm-none-eabi/lib/thumb/v7e-m+dp/hard/libc_nano.a(libc_a-fwalk.o)
                              /opt/st/stm32cubeide_2.2.0/plugins/com.st.stm32cube.ide.mcu.externaltools.gnu-tools-for-stm32.14.3.rel1.linux64_1.0.100.202602081740/tools/bin/../lib/gcc/arm-none-eabi/14.3.1/../../../../arm-none-eabi/lib/thumb/v7e-m+dp/hard/libc_nano.a(libc_a-findfp.o) (_fwalk_sglue)
/opt/st/stm32cubeide_2.2.0/plugins/com.st.stm32cube.ide.mcu.externaltools.gnu-tools-for-stm32.14.3.rel1.linux64_1.0.100.202602081740/tools/bin/../lib/gcc/arm-none-eabi/14.3.1/../../../../arm-none-eabi/lib/thumb/v7e-m+dp/hard/libc_nano.a(libc_a-stdio.o)
                              /opt/st/stm32cubeide_2.2.0/plugins/com.st.stm32cube.ide.mcu.externaltools.gnu-tools-for-stm32.14.3.rel1.linux64_1.0.100.202602081740/tools/bin/../lib/gcc/arm-none-eabi/14.3.1/../../../../arm-none-eabi/lib/thumb/v7e-m+dp/hard/libc_nano.a(libc_a-findfp.o) (__sread)
/opt/st/stm32cubeide_2.2.0/plugins/com.st.stm32cube.ide.mcu.externaltools.gnu-tools-for-stm32.14.3.rel1.linux64_1.0.100.202602081740/tools/bin/../lib/gcc/arm-none-eabi/14.3.1/../../../../arm-none-eabi/lib/thumb/v7e-m+dp/hard/libc_nano.a(libc_a-memset.o)
                              /opt/st/stm32cubeide_2.2.0/plugins/com.st.stm32cube.ide.mcu.externaltools.gnu-tools-for-stm32.14.3.rel1.linux64_1.0.100.202602081740/tools/bin/../lib/gcc/arm-none-eabi/14.3.1/../../../../arm-none-eabi/lib/thumb/v7e-m+dp/hard/crt0.o (memset)
/opt/st/stm32cubeide_2.2.0/plugins/com.st.stm32cube.ide.mcu.externaltools.gnu-tools-for-stm32.14.3.rel1.linux64_1.0.100.202602081740/tools/bin/../lib/gcc/arm-none-eabi/14.3.1/../../../../arm-none-eabi/lib/thumb/v7e-m+dp/hard/libc_nano.a(libc_a-closer.o)
                              /opt/st/stm32cubeide_2.2.0/plugins/com.st.stm32cube.ide.mcu.externaltools.gnu-tools-for-stm32.14.3.rel1.linux64_1.0.100.202602081740/tools/bin/../lib/gcc/arm-none-eabi/14.3.1/../../../../arm-none-eabi/lib/thumb/v7e-m+dp/hard/libc_nano.a(libc_a-stdio.o) (_close_r)
/opt/st/stm32cubeide_2.2.0/plugins/com.st.stm32cube.ide.mcu.externaltools.gnu-tools-for-stm32.14.3.rel1.linux64_1.0.100.202602081740/tools/bin/../lib/gcc/arm-none-eabi/14.3.1/../../../../arm-none-eabi/lib/thumb/v7e-m+dp/hard/libc_nano.a(libc_a-reent.o)
                              /opt/st/stm32cubeide_2.2.0/plugins/com.st.stm32cube.ide.mcu.externaltools.gnu-tools-for-stm32.14.3.rel1.linux64_1.0.100.202602081740/tools/bin/../lib/gcc/arm-none-eabi/14.3.1/../../../../arm-none-eabi/lib/thumb/v7e-m+dp/hard/libc_nano.a(libc_a-closer.o) (errno)
/opt/st/stm32cubeide_2.2.0/plugins/com.st.stm32cube.ide.mcu.externaltools.gnu-tools-for-stm32.14.3.rel1.linux64_1.0.100.202602081740/tools/bin/../lib/gcc/arm-none-eabi/14.3.1/../../../../arm-none-eabi/lib/thumb/v7e-m+dp/hard/libc_nano.a(libc_a-impure.o)
                              /opt/st/stm32cubeide_2.2.0/plugins/com.st.stm32cube.ide.mcu.externaltools.gnu-tools-for-stm32.14.3.rel1.linux64_1.0.100.202602081740/tools/bin/../lib/gcc/arm-none-eabi/14.3.1/../../../../arm-none-eabi/lib/thumb/v7e-m+dp/hard/libc_nano.a(libc_a-reent.o) (_impure_ptr)
/opt/st/stm32cubeide_2.2.0/plugins/com.st.stm32cube.ide.mcu.externaltools.gnu-tools-for-stm32.14.3.rel1.linux64_1.0.100.202602081740/tools/bin/../lib/gcc/arm-none-eabi/14.3.1/../../../../arm-none-eabi/lib/thumb/v7e-m+dp/hard/libc_nano.a(libc_a-lseekr.o)
                              /opt/st/stm32cubeide_2.2.0/plugins/com.st.stm32cube.ide.mcu.externaltools.gnu-tools-for-stm32.14.3.rel1.linux64_1.0.100.202602081740/tools/bin/../lib/gcc/arm-none-eabi/14.3.1/../../../../arm-none-eabi/lib/thumb/v7e-m+dp/hard/libc_nano.a(libc_a-stdio.o) (_lseek_r)
[...]
Memory Configuration

Name             Origin             Length             Attributes
ITCMRAM          0x00000000         0x00010000         xrw
DTCMRAM          0x20000000         0x00020000         xrw
FLASH            0x08000000         0x00100000         xr
RAM_D1           0x24000000         0x00050000         xrw
RAM_D2           0x30000000         0x00008000         xrw
RAM_D3           0x38000000         0x00004000         xrw
*default*        0x00000000         0xffffffff

Linker script and memory map

LOAD /opt/st/stm32cubeide_2.2.0/plugins/com.st.stm32cube.ide.mcu.externaltools.gnu-tools-for-stm32.14.3.rel1.linux64_1.0.100.202602081740/tools/bin/../lib/gcc/arm-none-eabi/14.3.1/thumb/v7e-m+dp/hard/crti.o
LOAD /opt/st/stm32cubeide_2.2.0/plugins/com.st.stm32cube.ide.mcu.externaltools.gnu-tools-for-stm32.14.3.rel1.linux64_1.0.100.202602081740/tools/bin/../lib/gcc/arm-none-eabi/14.3.1/thumb/v7e-m+dp/hard/crtbegin.o
LOAD /opt/st/stm32cubeide_2.2.0/plugins/com.st.stm32cube.ide.mcu.externaltools.gnu-tools-for-stm32.14.3.rel1.linux64_1.0.100.202602081740/tools/bin/../lib/gcc/arm-none-eabi/14.3.1/../../../../arm-none-eabi/lib/thumb/v7e-m+dp/hard/crt0.o
LOAD ./Core/Src/fonts.o
LOAD ./Core/Src/main.o
LOAD ./Core/Src/ssd1306.o
LOAD ./Core/Src/stm32h7xx_hal_msp.o
LOAD ./Core/Src/stm32h7xx_it.o
LOAD ./Core/Src/syscalls.o
LOAD ./Core/Src/sysmem.o
LOAD ./Core/Src/system_stm32h7xx.o
LOAD ./Core/Startup/startup_stm32h723zgtx.o
LOAD ./Drivers/STM32H7xx_HAL_Driver/Src/stm32h7xx_hal.o
LOAD ./Drivers/STM32H7xx_HAL_Driver/Src/stm32h7xx_hal_cortex.o
LOAD ./Drivers/STM32H7xx_HAL_Driver/Src/stm32h7xx_hal_dma.o
LOAD ./Drivers/STM32H7xx_HAL_Driver/Src/stm32h7xx_hal_dma_ex.o
LOAD ./Drivers/STM32H7xx_HAL_Driver/Src/stm32h7xx_hal_exti.o
LOAD ./Drivers/STM32H7xx_HAL_Driver/Src/stm32h7xx_hal_flash.o
LOAD ./Drivers/STM32H7xx_HAL_Driver/Src/stm32h7xx_hal_flash_ex.o
LOAD ./Drivers/STM32H7xx_HAL_Driver/Src/stm32h7xx_hal_gpio.o
LOAD ./Drivers/STM32H7xx_HAL_Driver/Src/stm32h7xx_hal_hsem.o
LOAD ./Drivers/STM32H7xx_HAL_Driver/Src/stm32h7xx_hal_i2c.o
LOAD ./Drivers/STM32H7xx_HAL_Driver/Src/stm32h7xx_hal_i2c_ex.o
LOAD ./Drivers/STM32H7xx_HAL_Driver/Src/stm32h7xx_hal_mdma.o
LOAD ./Drivers/STM32H7xx_HAL_Driver/Src/stm32h7xx_hal_pwr.o
LOAD ./Drivers/STM32H7xx_HAL_Driver/Src/stm32h7xx_hal_pwr_ex.o
LOAD ./Drivers/STM32H7xx_HAL_Driver/Src/stm32h7xx_hal_rcc.o
LOAD ./Drivers/STM32H7xx_HAL_Driver/Src/stm32h7xx_hal_rcc_ex.o
LOAD ./Drivers/STM32H7xx_HAL_Driver/Src/stm32h7xx_hal_tim.o
LOAD ./Drivers/STM32H7xx_HAL_Driver/Src/stm32h7xx_hal_tim_ex.o
LOAD ./Drivers/STM32H7xx_HAL_Driver/Src/stm32h7xx_hal_uart.o
LOAD ./Drivers/STM32H7xx_HAL_Driver/Src/stm32h7xx_hal_uart_ex.o
START GROUP
LOAD /opt/st/stm32cubeide_2.2.0/plugins/com.st.stm32cube.ide.mcu.externaltools.gnu-tools-for-stm32.14.3.rel1.linux64_1.0.100.202602081740/tools/bin/../lib/gcc/arm-none-eabi/14.3.1/../../../../arm-none-eabi/lib/thumb/v7e-m+dp/hard/libc_nano.a
LOAD /opt/st/stm32cubeide_2.2.0/plugins/com.st.stm32cube.ide.mcu.externaltools.gnu-tools-for-stm32.14.3.rel1.linux64_1.0.100.202602081740/tools/bin/../lib/gcc/arm-none-eabi/14.3.1/../../../../arm-none-eabi/lib/thumb/v7e-m+dp/hard/libm.a
END GROUP
START GROUP
LOAD /opt/st/stm32cubeide_2.2.0/plugins/com.st.stm32cube.ide.mcu.externaltools.gnu-tools-for-stm32.14.3.rel1.linux64_1.0.100.202602081740/tools/bin/../lib/gcc/arm-none-eabi/14.3.1/thumb/v7e-m+dp/hard/libgcc.a
LOAD /opt/st/stm32cubeide_2.2.0/plugins/com.st.stm32cube.ide.mcu.externaltools.gnu-tools-for-stm32.14.3.rel1.linux64_1.0.100.202602081740/tools/bin/../lib/gcc/arm-none-eabi/14.3.1/../../../../arm-none-eabi/lib/thumb/v7e-m+dp/hard/libc_nano.a
END GROUP
START GROUP
LOAD /opt/st/stm32cubeide_2.2.0/plugins/com.st.stm32cube.ide.mcu.externaltools.gnu-tools-for-stm32.14.3.rel1.linux64_1.0.100.202602081740/tools/bin/../lib/gcc/arm-none-eabi/14.3.1/thumb/v7e-m+dp/hard/libgcc.a
LOAD /opt/st/stm32cubeide_2.2.0/plugins/com.st.stm32cube.ide.mcu.externaltools.gnu-tools-for-stm32.14.3.rel1.linux64_1.0.100.202602081740/tools/bin/../lib/gcc/arm-none-eabi/14.3.1/../../../../arm-none-eabi/lib/thumb/v7e-m+dp/hard/libc_nano.a
LOAD /opt/st/stm32cubeide_2.2.0/plugins/com.st.stm32cube.ide.mcu.externaltools.gnu-tools-for-stm32.14.3.rel1.linux64_1.0.100.202602081740/tools/bin/../lib/gcc/arm-none-eabi/14.3.1/../../../../arm-none-eabi/lib/thumb/v7e-m+dp/hard/libnosys.a
END GROUP
START GROUP
LOAD /opt/st/stm32cubeide_2.2.0/plugins/com.st.stm32cube.ide.mcu.externaltools.gnu-tools-for-stm32.14.3.rel1.linux64_1.0.100.202602081740/tools/bin/../lib/gcc/arm-none-eabi/14.3.1/thumb/v7e-m+dp/hard/libgcc.a
LOAD /opt/st/stm32cubeide_2.2.0/plugins/com.st.stm32cube.ide.mcu.externaltools.gnu-tools-for-stm32.14.3.rel1.linux64_1.0.100.202602081740/tools/bin/../lib/gcc/arm-none-eabi/14.3.1/../../../../arm-none-eabi/lib/thumb/v7e-m+dp/hard/libc_nano.a
LOAD /opt/st/stm32cubeide_2.2.0/plugins/com.st.stm32cube.ide.mcu.externaltools.gnu-tools-for-stm32.14.3.rel1.linux64_1.0.100.202602081740/tools/bin/../lib/gcc/arm-none-eabi/14.3.1/../../../../arm-none-eabi/lib/thumb/v7e-m+dp/hard/libnosys.a
END GROUP
LOAD /opt/st/stm32cubeide_2.2.0/plugins/com.st.stm32cube.ide.mcu.externaltools.gnu-tools-for-stm32.14.3.rel1.linux64_1.0.100.202602081740/tools/bin/../lib/gcc/arm-none-eabi/14.3.1/thumb/v7e-m+dp/hard/crtend.o
LOAD /opt/st/stm32cubeide_2.2.0/plugins/com.st.stm32cube.ide.mcu.externaltools.gnu-tools-for-stm32.14.3.rel1.linux64_1.0.100.202602081740/tools/bin/../lib/gcc/arm-none-eabi/14.3.1/thumb/v7e-m+dp/hard/crtn.o
                0x24050000                        _estack = (ORIGIN (RAM_D1) + LENGTH (RAM_D1))
                0x00000200                        _Min_Heap_Size = 0x200
                0x00000400                        _Min_Stack_Size = 0x400

.isr_vector     0x08000000      0x2cc
                0x08000000                        . = ALIGN (0x4)
 *(.isr_vector)
 .isr_vector    0x08000000      0x2cc ./Core/Startup/startup_stm32h723zgtx.o
                0x08000000                g_pfnVectors
                0x080002cc                        . = ALIGN (0x4)

.text           0x080002cc     0x76f4
                0x080002cc                        . = ALIGN (0x4)
 *(.text)
 .text          0x080002cc       0x40 /opt/st/stm32cubeide_2.2.0/plugins/com.st.stm32cube.ide.mcu.externaltools.gnu-tools-for-stm32.14.3.rel1.linux64_1.0.100.202602081740/tools/bin/../lib/gcc/arm-none-eabi/14.3.1/thumb/v7e-m+dp/hard/crtbegin.o
 .text          0x0800030c       0x30 /opt/st/stm32cubeide_2.2.0/plugins/com.st.stm32cube.ide.mcu.externaltools.gnu-tools-for-stm32.14.3.rel1.linux64_1.0.100.202602081740/tools/bin/../lib/gcc/arm-none-eabi/14.3.1/thumb/v7e-m+dp/hard/libgcc.a(_aeabi_uldivmod.o)
                0x0800030c                __aeabi_uldivmod
 .text          0x0800033c      0x2f8 /opt/st/stm32cubeide_2.2.0/plugins/com.st.stm32cube.ide.mcu.externaltools.gnu-tools-for-stm32.14.3.rel1.linux64_1.0.100.202602081740/tools/bin/../lib/gcc/arm-none-eabi/14.3.1/thumb/v7e-m+dp/hard/libgcc.a(_udivmoddi4.o)
                0x0800033c                __udivmoddi4
 .text          0x08000634        0x4 /opt/st/stm32cubeide_2.2.0/plugins/com.st.stm32cube.ide.mcu.externaltools.gnu-tools-for-stm32.14.3.rel1.linux64_1.0.100.202602081740/tools/bin/../lib/gcc/arm-none-eabi/14.3.1/thumb/v7e-m+dp/hard/libgcc.a(_dvmd_tls.o)
                0x08000634                __aeabi_ldiv0
                0x08000634                __aeabi_idiv0
 *(.text*)
 .text.main     0x08000638       0x80 ./Core/Src/main.o
                0x08000638                main
 .text.SystemClock_Config
                0x080006b8       0xbc ./Core/Src/main.o
                0x080006b8                SystemClock_Config
 .text.MX_I2C2_Init
                0x08000774       0x80 ./Core/Src/main.o
 .text.MX_USART3_UART_Init
                0x080007f4       0x98 ./Core/Src/main.o
 .text.MX_GPIO_Init
                0x0800088c       0xe4 ./Core/Src/main.o
 .text.MPU_Config
                0x08000970       0x58 ./Core/Src/main.o
 .text.Error_Handler
                0x080009c8        0xc ./Core/Src/main.o
                0x080009c8                Error_Handler
 .text.SSD1306_Init
                0x080009d4      0x188 ./Core/Src/ssd1306.o
                0x080009d4                SSD1306_Init
 .text.SSD1306_UpdateScreen
                0x08000b5c       0x5c ./Core/Src/ssd1306.o
                0x08000b5c                SSD1306_UpdateScreen
 .text.SSD1306_Fill
                0x08000bb8       0x30 ./Core/Src/ssd1306.o
                0x08000bb8                SSD1306_Fill
 .text.SSD1306_DrawPixel
                0x08000be8       0xc0 ./Core/Src/ssd1306.o
                0x08000be8                SSD1306_DrawPixel
 .text.SSD1306_GotoXY
                0x08000ca8       0x2c ./Core/Src/ssd1306.o
                0x08000ca8                SSD1306_GotoXY
 .text.SSD1306_Putc
                0x08000cd4       0xfc ./Core/Src/ssd1306.o
                0x08000cd4                SSD1306_Putc
 .text.SSD1306_Puts
                0x08000dd0       0x4a ./Core/Src/ssd1306.o
                0x08000dd0                SSD1306_Puts
 *fill*         0x08000e1a        0x2 
 .text.ssd1306_I2C_Init
                0x08000e1c       0x2c ./Core/Src/ssd1306.o
                0x08000e1c                ssd1306_I2C_Init
 .text.ssd1306_I2C_WriteMulti
                0x08000e48       0xcc ./Core/Src/ssd1306.o
                0x08000e48                ssd1306_I2C_WriteMulti
 .text.ssd1306_I2C_Write
                0x08000f14       0x3c ./Core/Src/ssd1306.o
                0x08000f14                ssd1306_I2C_Write
 .text.HAL_MspInit
                0x08000f50       0x34 ./Core/Src/stm32h7xx_hal_msp.o
                0x08000f50                HAL_MspInit
 .text.HAL_I2C_MspInit
                0x08000f84       0xd0 ./Core/Src/stm32h7xx_hal_msp.o
                0x08000f84                HAL_I2C_MspInit
 .text.HAL_UART_MspInit
                0x08001054       0xe4 ./Core/Src/stm32h7xx_hal_msp.o
                0x08001054                HAL_UART_MspInit
 .text.NMI_Handler
                0x08001138        0x8 ./Core/Src/stm32h7xx_it.o
                0x08001138                NMI_Handler
 .text.HardFault_Handler
                0x08001140        0x8 ./Core/Src/stm32h7xx_it.o
                0x08001140                HardFault_Handler
 .text.MemManage_Handler
                0x08001148        0x8 ./Core/Src/stm32h7xx_it.o
                0x08001148                MemManage_Handler
 .text.BusFault_Handler
                0x08001150        0x8 ./Core/Src/stm32h7xx_it.o
                0x08001150                BusFault_Handler
 .text.UsageFault_Handler
                0x08001158        0x8 ./Core/Src/stm32h7xx_it.o
                0x08001158                UsageFault_Handler
 .text.SVC_Handler
                0x08001160        0xe ./Core/Src/stm32h7xx_it.o
                0x08001160                SVC_Handler
 .text.DebugMon_Handler
                0x0800116e        0xe ./Core/Src/stm32h7xx_it.o
                0x0800116e                DebugMon_Handler
 .text.PendSV_Handler
                0x0800117c        0xe ./Core/Src/stm32h7xx_it.o
                0x0800117c                PendSV_Handler
 .text.SysTick_Handler
                0x0800118a        0xc ./Core/Src/stm32h7xx_it.o
                0x0800118a                SysTick_Handler
 *fill*         0x08001196        0x2 
 .text.USART3_IRQHandler
                0x08001198       0x14 ./Core/Src/stm32h7xx_it.o
                0x08001198                USART3_IRQHandler
 .text.SystemInit
                0x080011ac      0x120 ./Core/Src/system_stm32h7xx.o
                0x080011ac                SystemInit
 .text.ExitRun0Mode
                0x080012cc       0x18 ./Core/Src/system_stm32h7xx.o
                0x080012cc                ExitRun0Mode
 .text.Reset_Handler
                0x080012e4       0x54 ./Core/Startup/startup_stm32h723zgtx.o
                0x080012e4                Reset_Handler
 .text.Default_Handler
                0x08001338        0x2 ./Core/Startup/startup_stm32h723zgtx.o
                0x08001338                RTC_Alarm_IRQHandler
                0x08001338                EXTI2_IRQHandler
                0x08001338                TIM8_CC_IRQHandler
                0x08001338                UART8_IRQHandler
                0x08001338                SPI4_IRQHandler
                0x08001338                FDCAN3_IT0_IRQHandler
                0x08001338                TIM1_CC_IRQHandler
                0x08001338                BDMA_Channel6_IRQHandler
                0x08001338                DMA2_Stream5_IRQHandler
                0x08001338                DMA1_Stream5_IRQHandler
                0x08001338                CORDIC_IRQHandler
                0x08001338                BDMA_Channel1_IRQHandler
                0x08001338                TAMP_STAMP_IRQHandler
                0x08001338                EXTI3_IRQHandler
                0x08001338                LPTIM4_IRQHandler
                0x08001338                TIM8_TRG_COM_TIM14_IRQHandler
                0x08001338                LPTIM2_IRQHandler
                0x08001338                DFSDM1_FLT1_IRQHandler
                0x08001338                DMAMUX2_OVR_IRQHandler
                0x08001338                TIM8_UP_TIM13_IRQHandler
                0x08001338                I2C3_ER_IRQHandler
                0x08001338                DFSDM1_FLT2_IRQHandler
                0x08001338                I2C5_EV_IRQHandler
                0x08001338                USART10_IRQHandler
                0x08001338                MDMA_IRQHandler
                0x08001338                LPTIM3_IRQHandler
                0x08001338                HSEM1_IRQHandler
                0x08001338                EXTI0_IRQHandler
                0x08001338                I2C2_EV_IRQHandler
                0x08001338                DMA1_Stream2_IRQHandler
                0x08001338                FPU_IRQHandler
                0x08001338                OTG_HS_WKUP_IRQHandler
                0x08001338                FDCAN1_IT1_IRQHandler
                0x08001338                LTDC_ER_IRQHandler
                0x08001338                DMA2_Stream2_IRQHandler
                0x08001338                SPI1_IRQHandler
                0x08001338                OCTOSPI1_IRQHandler
                0x08001338                TIM6_DAC_IRQHandler
                0x08001338                DMA2_Stream3_IRQHandler
                0x08001338                OCTOSPI2_IRQHandler
                0x08001338                DFSDM1_FLT3_IRQHandler
                0x08001338                TIM23_IRQHandler
                0x08001338                USART6_IRQHandler
                0x08001338                TIM17_IRQHandler
                0x08001338                BDMA_Channel7_IRQHandler
                0x08001338                LPTIM5_IRQHandler
                0x08001338                UART5_IRQHandler
                0x08001338                ADC3_IRQHandler
                0x08001338                DMA2_Stream0_IRQHandler
                0x08001338                TIM4_IRQHandler
                0x08001338                BDMA_Channel2_IRQHandler
                0x08001338                I2C1_EV_IRQHandler
                0x08001338                DMA1_Stream6_IRQHandler
                0x08001338                DMAMUX1_OVR_IRQHandler
                0x08001338                DMA1_Stream1_IRQHandler
                0x08001338                TIM16_IRQHandler
                0x08001338                UART4_IRQHandler
                0x08001338                BDMA_Channel5_IRQHandler
                0x08001338                TIM3_IRQHandler
                0x08001338                RCC_IRQHandler
                0x08001338                UART9_IRQHandler
                0x08001338                TIM8_BRK_TIM12_IRQHandler
                0x08001338                TIM1_TRG_COM_IRQHandler
                0x08001338                Default_Handler
                0x08001338                ECC_IRQHandler
                0x08001338                FMAC_IRQHandler
                0x08001338                CEC_IRQHandler
                0x08001338                EXTI15_10_IRQHandler
                0x08001338                BDMA_Channel0_IRQHandler
                0x08001338                ADC_IRQHandler
                0x08001338                I2C5_ER_IRQHandler
                0x08001338                DMA1_Stream7_IRQHandler
                0x08001338                SPI5_IRQHandler
                0x08001338                TIM7_IRQHandler
                0x08001338                FDCAN3_IT1_IRQHandler
                0x08001338                SDMMC1_IRQHandler
                0x08001338                TIM5_IRQHandler
                0x08001338                DMA2_Stream7_IRQHandler
                0x08001338                TIM15_IRQHandler
                0x08001338                PVD_AVD_IRQHandler
                0x08001338                I2C3_EV_IRQHandler
                0x08001338                EXTI9_5_IRQHandler
                0x08001338                RTC_WKUP_IRQHandler
                0x08001338                LTDC_IRQHandler
                0x08001338                ETH_WKUP_IRQHandler
                0x08001338                SPDIF_RX_IRQHandler
                0x08001338                SPI2_IRQHandler
                0x08001338                OTG_HS_EP1_IN_IRQHandler
                0x08001338                DMA1_Stream0_IRQHandler
                0x08001338                TIM24_IRQHandler
                0x08001338                CRS_IRQHandler
                0x08001338                EXTI4_IRQHandler
                0x08001338                RNG_IRQHandler
                0x08001338                FDCAN2_IT1_IRQHandler
                0x08001338                ETH_IRQHandler
                0x08001338                TIM1_UP_IRQHandler
                0x08001338                BDMA_Channel4_IRQHandler
                0x08001338                OTG_HS_EP1_OUT_IRQHandler
                0x08001338                WWDG_IRQHandler
                0x08001338                SPI6_IRQHandler
                0x08001338                MDIOS_IRQHandler
                0x08001338                I2C4_EV_IRQHandler
                0x08001338                FDCAN2_IT0_IRQHandler
                0x08001338                LPUART1_IRQHandler
                0x08001338                FDCAN1_IT0_IRQHandler
                0x08001338                TIM2_IRQHandler
                0x08001338                OTG_HS_IRQHandler
                0x08001338                DMA2D_IRQHandler
                0x08001338                TIM1_BRK_IRQHandler
                0x08001338                EXTI1_IRQHandler
                0x08001338                SDMMC2_IRQHandler
                0x08001338                BDMA_Channel3_IRQHandler
                0x08001338                DTS_IRQHandler
                0x08001338                UART7_IRQHandler
                0x08001338                MDIOS_WKUP_IRQHandler
                0x08001338                USART2_IRQHandler
                0x08001338                DFSDM1_FLT0_IRQHandler
                0x08001338                SAI4_IRQHandler
                0x08001338                I2C2_ER_IRQHandler
                0x08001338                DMA2_Stream1_IRQHandler
                0x08001338                FLASH_IRQHandler
                0x08001338                DMA2_Stream4_IRQHandler
                0x08001338                USART1_IRQHandler
                0x08001338                SPI3_IRQHandler
                0x08001338                WAKEUP_PIN_IRQHandler
                0x08001338                DMA1_Stream4_IRQHandler
                0x08001338                I2C1_ER_IRQHandler
                0x08001338                FMC_IRQHandler
                0x08001338                FDCAN_CAL_IRQHandler
                0x08001338                SWPMI1_IRQHandler
                0x08001338                COMP1_IRQHandler
                0x08001338                LPTIM1_IRQHandler
                0x08001338                DCMI_PSSI_IRQHandler
                0x08001338                I2C4_ER_IRQHandler
                0x08001338                DMA2_Stream6_IRQHandler
                0x08001338                SAI1_IRQHandler
                0x08001338                DMA1_Stream3_IRQHandler
 *fill*         0x0800133a        0x2 
 .text.HAL_Init
                0x0800133c       0x78 ./Drivers/STM32H7xx_HAL_Driver/Src/stm32h7xx_hal.o
                0x0800133c                HAL_Init
 .text.HAL_InitTick
                0x080013b4       0x6c ./Drivers/STM32H7xx_HAL_Driver/Src/stm32h7xx_hal.o
                0x080013b4                HAL_InitTick
 .text.HAL_IncTick
                0x08001420       0x28 ./Drivers/STM32H7xx_HAL_Driver/Src/stm32h7xx_hal.o
                0x08001420                HAL_IncTick
 .text.HAL_GetTick
                0x08001448       0x18 ./Drivers/STM32H7xx_HAL_Driver/Src/stm32h7xx_hal.o
                0x08001448                HAL_GetTick
 .text.HAL_Delay
                0x08001460       0x48 ./Drivers/STM32H7xx_HAL_Driver/Src/stm32h7xx_hal.o
                0x08001460                HAL_Delay
 .text.__NVIC_SetPriorityGrouping
                0x080014a8       0x48 ./Drivers/STM32H7xx_HAL_Driver/Src/stm32h7xx_hal_cortex.o
 .text.__NVIC_GetPriorityGrouping
                0x080014f0       0x1c ./Drivers/STM32H7xx_HAL_Driver/Src/stm32h7xx_hal_cortex.o
 .text.__NVIC_EnableIRQ
                0x0800150c       0x3c ./Drivers/STM32H7xx_HAL_Driver/Src/stm32h7xx_hal_cortex.o
 .text.__NVIC_SetPriority
                0x08001548       0x54 ./Drivers/STM32H7xx_HAL_Driver/Src/stm32h7xx_hal_cortex.o
 .text.NVIC_EncodePriority
                0x0800159c       0x66 ./Drivers/STM32H7xx_HAL_Driver/Src/stm32h7xx_hal_cortex.o
 *fill*         0x08001602        0x2 
 .text.SysTick_Config
                0x08001604       0x44 ./Drivers/STM32H7xx_HAL_Driver/Src/stm32h7xx_hal_cortex.o
 .text.HAL_NVIC_SetPriorityGrouping
                0x08001648       0x16 ./Drivers/STM32H7xx_HAL_Driver/Src/stm32h7xx_hal_cortex.o
                0x08001648                HAL_NVIC_SetPriorityGrouping
 .text.HAL_NVIC_SetPriority
                0x0800165e       0x34 ./Drivers/STM32H7xx_HAL_Driver/Src/stm32h7xx_hal_cortex.o
                0x0800165e                HAL_NVIC_SetPriority
 .text.HAL_NVIC_EnableIRQ
                0x08001692       0x1c ./Drivers/STM32H7xx_HAL_Driver/Src/stm32h7xx_hal_cortex.o
                0x08001692                HAL_NVIC_EnableIRQ
 .text.HAL_SYSTICK_Config
                0x080016ae       0x18 ./Drivers/STM32H7xx_HAL_Driver/Src/stm32h7xx_hal_cortex.o
                0x080016ae                HAL_SYSTICK_Config
 *fill*         0x080016c6        0x2 
 .text.HAL_MPU_Disable
                0x080016c8       0x30 ./Drivers/STM32H7xx_HAL_Driver/Src/stm32h7xx_hal_cortex.o
                0x080016c8                HAL_MPU_Disable
 .text.HAL_MPU_Enable
                0x080016f8       0x40 ./Drivers/STM32H7xx_HAL_Driver/Src/stm32h7xx_hal_cortex.o
                0x080016f8                HAL_MPU_Enable
 .text.HAL_MPU_ConfigRegion
                0x08001738       0x80 ./Drivers/STM32H7xx_HAL_Driver/Src/stm32h7xx_hal_cortex.o
                0x08001738                HAL_MPU_ConfigRegion
 .text.HAL_DMA_Abort
                0x080017b8      0x63c ./Drivers/STM32H7xx_HAL_Driver/Src/stm32h7xx_hal_dma.o
                0x080017b8                HAL_DMA_Abort
 .text.HAL_DMA_Abort_IT
                0x08001df4      0x48c ./Drivers/STM32H7xx_HAL_Driver/Src/stm32h7xx_hal_dma.o
                0x08001df4                HAL_DMA_Abort_IT
 .text.HAL_GPIO_Init
                0x08002280      0x364 ./Drivers/STM32H7xx_HAL_Driver/Src/stm32h7xx_hal_gpio.o
                0x08002280                HAL_GPIO_Init
 .text.HAL_GPIO_WritePin
                0x080025e4       0x32 ./Drivers/STM32H7xx_HAL_Driver/Src/stm32h7xx_hal_gpio.o
                0x080025e4                HAL_GPIO_WritePin
 .text.HAL_GPIO_TogglePin
                0x08002616       0x34 ./Drivers/STM32H7xx_HAL_Driver/Src/stm32h7xx_hal_gpio.o
                0x08002616                HAL_GPIO_TogglePin
 *fill*         0x0800264a        0x2 
 .text.HAL_I2C_Init
                0x0800264c      0x138 ./Drivers/STM32H7xx_HAL_Driver/Src/stm32h7xx_hal_i2c.o
                0x0800264c                HAL_I2C_Init
 .text.HAL_I2C_Master_Transmit
                0x08002784      0x230 ./Drivers/STM32H7xx_HAL_Driver/Src/stm32h7xx_hal_i2c.o
                0x08002784                HAL_I2C_Master_Transmit
 .text.HAL_I2C_IsDeviceReady
                0x080029b4      0x1e8 ./Drivers/STM32H7xx_HAL_Driver/Src/stm32h7xx_hal_i2c.o
                0x080029b4                HAL_I2C_IsDeviceReady
 .text.I2C_Flush_TXDR
                0x08002b9c       0x48 ./Drivers/STM32H7xx_HAL_Driver/Src/stm32h7xx_hal_i2c.o
 .text.I2C_WaitOnFlagUntilTimeout
                0x08002be4       0xb2 ./Drivers/STM32H7xx_HAL_Driver/Src/stm32h7xx_hal_i2c.o
 .text.I2C_WaitOnTXISFlagUntilTimeout
                0x08002c96       0x8e ./Drivers/STM32H7xx_HAL_Driver/Src/stm32h7xx_hal_i2c.o
 .text.I2C_WaitOnSTOPFlagUntilTimeout
                0x08002d24       0x86 ./Drivers/STM32H7xx_HAL_Driver/Src/stm32h7xx_hal_i2c.o
 *fill*         0x08002daa        0x2 
 .text.I2C_IsErrorOccurred
                0x08002dac      0x1c0 ./Drivers/STM32H7xx_HAL_Driver/Src/stm32h7xx_hal_i2c.o
 .text.I2C_TransferConfig
                0x08002f6c       0x64 ./Drivers/STM32H7xx_HAL_Driver/Src/stm32h7xx_hal_i2c.o
 .text.HAL_I2CEx_ConfigAnalogFilter
                0x08002fd0       0x96 ./Drivers/STM32H7xx_HAL_Driver/Src/stm32h7xx_hal_i2c_ex.o
                0x08002fd0                HAL_I2CEx_ConfigAnalogFilter
 .text.HAL_I2CEx_ConfigDigitalFilter
                0x08003066       0x98 ./Drivers/STM32H7xx_HAL_Driver/Src/stm32h7xx_hal_i2c_ex.o
                0x08003066                HAL_I2CEx_ConfigDigitalFilter
 *fill*         0x080030fe        0x2 
 .text.HAL_PWREx_ConfigSupply
                0x08003100       0x74 ./Drivers/STM32H7xx_HAL_Driver/Src/stm32h7xx_hal_pwr_ex.o
                0x08003100                HAL_PWREx_ConfigSupply
 .text.HAL_RCC_OscConfig
                0x08003174      0x7b4 ./Drivers/STM32H7xx_HAL_Driver/Src/stm32h7xx_hal_rcc.o
                0x08003174                HAL_RCC_OscConfig
 .text.HAL_RCC_ClockConfig
                0x08003928      0x36c ./Drivers/STM32H7xx_HAL_Driver/Src/stm32h7xx_hal_rcc.o
                0x08003928                HAL_RCC_ClockConfig
 .text.HAL_RCC_GetSysClockFreq
                0x08003c94      0x2f4 ./Drivers/STM32H7xx_HAL_Driver/Src/stm32h7xx_hal_rcc.o
                0x08003c94                HAL_RCC_GetSysClockFreq
 .text.HAL_RCC_GetHCLKFreq
                0x08003f88       0x60 ./Drivers/STM32H7xx_HAL_Driver/Src/stm32h7xx_hal_rcc.o
                0x08003f88                HAL_RCC_GetHCLKFreq
 .text.HAL_RCC_GetPCLK1Freq
                0x08003fe8       0x2c ./Drivers/STM32H7xx_HAL_Driver/Src/stm32h7xx_hal_rcc.o
                0x08003fe8                HAL_RCC_GetPCLK1Freq
 .text.HAL_RCC_GetPCLK2Freq
                0x08004014       0x2c ./Drivers/STM32H7xx_HAL_Driver/Src/stm32h7xx_hal_rcc.o
                0x08004014                HAL_RCC_GetPCLK2Freq
 .text.HAL_RCCEx_PeriphCLKConfig
                0x08004040     0x1340 ./Drivers/STM32H7xx_HAL_Driver/Src/stm32h7xx_hal_rcc_ex.o
                0x08004040                HAL_RCCEx_PeriphCLKConfig
 .text.HAL_RCCEx_GetD3PCLK1Freq
                0x08005380       0x2c ./Drivers/STM32H7xx_HAL_Driver/Src/stm32h7xx_hal_rcc_ex.o
                0x08005380                HAL_RCCEx_GetD3PCLK1Freq
 .text.HAL_RCCEx_GetPLL2ClockFreq
                0x080053ac      0x2a8 ./Drivers/STM32H7xx_HAL_Driver/Src/stm32h7xx_hal_rcc_ex.o
                0x080053ac                HAL_RCCEx_GetPLL2ClockFreq
 .text.HAL_RCCEx_GetPLL3ClockFreq
                0x08005654      0x2a8 ./Drivers/STM32H7xx_HAL_Driver/Src/stm32h7xx_hal_rcc_ex.o
                0x08005654                HAL_RCCEx_GetPLL3ClockFreq
 .text.RCCEx_PLL2_Config
                0x080058fc      0x164 ./Drivers/STM32H7xx_HAL_Driver/Src/stm32h7xx_hal_rcc_ex.o
 .text.RCCEx_PLL3_Config
                0x08005a60      0x164 ./Drivers/STM32H7xx_HAL_Driver/Src/stm32h7xx_hal_rcc_ex.o
 .text.HAL_UART_Init
                0x08005bc4       0xa0 ./Drivers/STM32H7xx_HAL_Driver/Src/stm32h7xx_hal_uart.o
                0x08005bc4                HAL_UART_Init
 .text.HAL_UART_Transmit
                0x08005c64      0x132 ./Drivers/STM32H7xx_HAL_Driver/Src/stm32h7xx_hal_uart.o
                0x08005c64                HAL_UART_Transmit
 *fill*         0x08005d96        0x2 
 .text.HAL_UART_IRQHandler
                0x08005d98      0x7ac ./Drivers/STM32H7xx_HAL_Driver/Src/stm32h7xx_hal_uart.o
                0x08005d98                HAL_UART_IRQHandler
 .text.HAL_UART_TxCpltCallback
                0x08006544       0x14 ./Drivers/STM32H7xx_HAL_Driver/Src/stm32h7xx_hal_uart.o
                0x08006544                HAL_UART_TxCpltCallback
 .text.HAL_UART_ErrorCallback
                0x08006558       0x14 ./Drivers/STM32H7xx_HAL_Driver/Src/stm32h7xx_hal_uart.o
                0x08006558                HAL_UART_ErrorCallback
 .text.HAL_UARTEx_RxEventCallback
                0x0800656c       0x18 ./Drivers/STM32H7xx_HAL_Driver/Src/stm32h7xx_hal_uart.o
                0x0800656c                HAL_UARTEx_RxEventCallback
 .text.UART_SetConfig
                0x08006584      0xcd8 ./Drivers/STM32H7xx_HAL_Driver/Src/stm32h7xx_hal_uart.o
                0x08006584                UART_SetConfig
 .text.UART_AdvFeatureConfig
                0x0800725c      0x144 ./Drivers/STM32H7xx_HAL_Driver/Src/stm32h7xx_hal_uart.o
                0x0800725c                UART_AdvFeatureConfig
 .text.UART_CheckIdleState
                0x080073a0      0x154 ./Drivers/STM32H7xx_HAL_Driver/Src/stm32h7xx_hal_uart.o
                0x080073a0                UART_CheckIdleState
 .text.UART_WaitOnFlagUntilTimeout
                0x080074f4       0xda ./Drivers/STM32H7xx_HAL_Driver/Src/stm32h7xx_hal_uart.o
                0x080074f4                UART_WaitOnFlagUntilTimeout
 *fill*         0x080075ce        0x2 
 .text.UART_EndRxTransfer
                0x080075d0       0xcc ./Drivers/STM32H7xx_HAL_Driver/Src/stm32h7xx_hal_uart.o
 .text.UART_DMAAbortOnError
                0x0800769c       0x1c ./Drivers/STM32H7xx_HAL_Driver/Src/stm32h7xx_hal_uart.o
 .text.UART_EndTransmit_IT
                0x080076b8       0x56 ./Drivers/STM32H7xx_HAL_Driver/Src/stm32h7xx_hal_uart.o
 .text.HAL_UARTEx_WakeupCallback
                0x0800770e       0x14 ./Drivers/STM32H7xx_HAL_Driver/Src/stm32h7xx_hal_uart_ex.o
                0x0800770e                HAL_UARTEx_WakeupCallback
 .text.HAL_UARTEx_RxFifoFullCallback
                0x08007722       0x14 ./Drivers/STM32H7xx_HAL_Driver/Src/stm32h7xx_hal_uart_ex.o
                0x08007722                HAL_UARTEx_RxFifoFullCallback
 .text.HAL_UARTEx_TxFifoEmptyCallback
                0x08007736       0x14 ./Drivers/STM32H7xx_HAL_Driver/Src/stm32h7xx_hal_uart_ex.o
                0x08007736                HAL_UARTEx_TxFifoEmptyCallback
 .text.HAL_UARTEx_DisableFifoMode
                0x0800774a       0x72 ./Drivers/STM32H7xx_HAL_Driver/Src/stm32h7xx_hal_uart_ex.o
                0x0800774a                HAL_UARTEx_DisableFifoMode
 .text.HAL_UARTEx_SetTxFifoThreshold
                0x080077bc       0x7c ./Drivers/STM32H7xx_HAL_Driver/Src/stm32h7xx_hal_uart_ex.o
                0x080077bc                HAL_UARTEx_SetTxFifoThreshold
 .text.HAL_UARTEx_SetRxFifoThreshold
                0x08007838       0x7c ./Drivers/STM32H7xx_HAL_Driver/Src/stm32h7xx_hal_uart_ex.o
                0x08007838                HAL_UARTEx_SetRxFifoThreshold
 .text.UARTEx_SetNbDataToProcess
                0x080078b4       0x9c ./Drivers/STM32H7xx_HAL_Driver/Src/stm32h7xx_hal_uart_ex.o
 .text.memset   0x08007950       0x10 /opt/st/stm32cubeide_2.2.0/plugins/com.st.stm32cube.ide.mcu.externaltools.gnu-tools-for-stm32.14.3.rel1.linux64_1.0.100.202602081740/tools/bin/../lib/gcc/arm-none-eabi/14.3.1/../../../../arm-none-eabi/lib/thumb/v7e-m+dp/hard/libc_nano.a(libc_a-memset.o)
                0x08007950                memset
 .text.__libc_init_array
                0x08007960       0x48 /opt/st/stm32cubeide_2.2.0/plugins/com.st.stm32cube.ide.mcu.externaltools.gnu-tools-for-stm32.14.3.rel1.linux64_1.0.100.202602081740/tools/bin/../lib/gcc/arm-none-eabi/14.3.1/../../../../arm-none-eabi/lib/thumb/v7e-m+dp/hard/libc_nano.a(libc_a-init.o)
                0x08007960                __libc_init_array
 *(.glue_7)
 .glue_7        0x080079a8        0x0 linker stubs
 *(.glue_7t)
 .glue_7t       0x080079a8        0x0 linker stubs
 *(.eh_frame)
 .eh_frame      0x080079a8        0x0 /opt/st/stm32cubeide_2.2.0/plugins/com.st.stm32cube.ide.mcu.externaltools.gnu-tools-for-stm32.14.3.rel1.linux64_1.0.100.202602081740/tools/bin/../lib/gcc/arm-none-eabi/14.3.1/thumb/v7e-m+dp/hard/crtbegin.o
 *(.init)
 .init          0x080079a8        0x4 /opt/st/stm32cubeide_2.2.0/plugins/com.st.stm32cube.ide.mcu.externaltools.gnu-tools-for-stm32.14.3.rel1.linux64_1.0.100.202602081740/tools/bin/../lib/gcc/arm-none-eabi/14.3.1/thumb/v7e-m+dp/hard/crti.o
                0x080079a8                _init
 .init          0x080079ac        0x8 /opt/st/stm32cubeide_2.2.0/plugins/com.st.stm32cube.ide.mcu.externaltools.gnu-tools-for-stm32.14.3.rel1.linux64_1.0.100.202602081740/tools/bin/../lib/gcc/arm-none-eabi/14.3.1/thumb/v7e-m+dp/hard/crtn.o
 *(.fini)
 .fini          0x080079b4        0x4 /opt/st/stm32cubeide_2.2.0/plugins/com.st.stm32cube.ide.mcu.externaltools.gnu-tools-for-stm32.14.3.rel1.linux64_1.0.100.202602081740/tools/bin/../lib/gcc/arm-none-eabi/14.3.1/thumb/v7e-m+dp/hard/crti.o
                0x080079b4                _fini
 .fini          0x080079b8        0x8 /opt/st/stm32cubeide_2.2.0/plugins/com.st.stm32cube.ide.mcu.externaltools.gnu-tools-for-stm32.14.3.rel1.linux64_1.0.100.202602081740/tools/bin/../lib/gcc/arm-none-eabi/14.3.1/thumb/v7e-m+dp/hard/crtn.o
                0x080079c0                        . = ALIGN (0x4)
                0x080079c0                        _etext = .

.vfp11_veneer   0x080079c0        0x0
 .vfp11_veneer  0x080079c0        0x0 linker stubs

.v4_bx          0x080079c0        0x0
 .v4_bx         0x080079c0        0x0 linker stubs

.iplt           0x080079c0        0x0
 .iplt          0x080079c0        0x0 /opt/st/stm32cubeide_2.2.0/plugins/com.st.stm32cube.ide.mcu.externaltools.gnu-tools-for-stm32.14.3.rel1.linux64_1.0.100.202602081740/tools/bin/../lib/gcc/arm-none-eabi/14.3.1/thumb/v7e-m+dp/hard/crtbegin.o

.rodata         0x080079c0      0xda4
                0x080079c0                        . = ALIGN (0x4)
 *(.rodata)
 *(.rodata*)
 .rodata.Font11x18
                0x080079c0      0xd5c ./Core/Src/fonts.o
                0x080079c0                Font11x18
 .rodata.main.str1.4
                0x0800871c       0x10 ./Core/Src/main.o
 .rodata.D1CorePrescTable
                0x0800872c       0x10 ./Core/Src/system_stm32h7xx.o
                0x0800872c                D1CorePrescTable
 .rodata.UARTPrescTable
                0x0800873c       0x18 ./Drivers/STM32H7xx_HAL_Driver/Src/stm32h7xx_hal_uart.o
                0x0800873c                UARTPrescTable
 .rodata.numerator.1
                0x08008754        0x8 ./Drivers/STM32H7xx_HAL_Driver/Src/stm32h7xx_hal_uart_ex.o
 .rodata.denominator.0
                0x0800875c        0x8 ./Drivers/STM32H7xx_HAL_Driver/Src/stm32h7xx_hal_uart_ex.o
                0x08008764                        . = ALIGN (0x4)

.ARM.extab
 *(.ARM.extab* .gnu.linkonce.armextab.*)

.ARM            0x08008764        0x8
                0x08008764                        __exidx_start = .
 *(.ARM.exidx*)
 .ARM.exidx     0x08008764        0x8 /opt/st/stm32cubeide_2.2.0/plugins/com.st.stm32cube.ide.mcu.externaltools.gnu-tools-for-stm32.14.3.rel1.linux64_1.0.100.202602081740/tools/bin/../lib/gcc/arm-none-eabi/14.3.1/thumb/v7e-m+dp/hard/libgcc.a(_udivmoddi4.o)
                0x0800876c                        __exidx_end = .

.preinit_array  0x0800876c        0x0
                0x0800876c                        PROVIDE (__preinit_array_start = .)
 *(.preinit_array*)
                0x0800876c                        PROVIDE (__preinit_array_end = .)

.init_array     0x0800876c        0x4
                0x0800876c                        PROVIDE (__init_array_start = .)
 *(SORT_BY_NAME(.init_array.*))
 *(.init_array*)
 .init_array    0x0800876c        0x4 /opt/st/stm32cubeide_2.2.0/plugins/com.st.stm32cube.ide.mcu.externaltools.gnu-tools-for-stm32.14.3.rel1.linux64_1.0.100.202602081740/tools/bin/../lib/gcc/arm-none-eabi/14.3.1/thumb/v7e-m+dp/hard/crtbegin.o
                0x08008770                        PROVIDE (__init_array_end = .)

.fini_array     0x08008770        0x4
                [!provide]                        PROVIDE (__fini_array_start = .)
 *(SORT_BY_NAME(.fini_array.*))
 *(.fini_array*)
 .fini_array    0x08008770        0x4 /opt/st/stm32cubeide_2.2.0/plugins/com.st.stm32cube.ide.mcu.externaltools.gnu-tools-for-stm32.14.3.rel1.linux64_1.0.100.202602081740/tools/bin/../lib/gcc/arm-none-eabi/14.3.1/thumb/v7e-m+dp/hard/crtbegin.o
                [!provide]                        PROVIDE (__fini_array_end = .)
                0x08008774                        _sidata = LOADADDR (.data)

.rel.dyn        0x08008774        0x0
 .rel.iplt      0x08008774        0x0 /opt/st/stm32cubeide_2.2.0/plugins/com.st.stm32cube.ide.mcu.externaltools.gnu-tools-for-stm32.14.3.rel1.linux64_1.0.100.202602081740/tools/bin/../lib/gcc/arm-none-eabi/14.3.1/thumb/v7e-m+dp/hard/crtbegin.o

.data           0x24000000       0x2c load address 0x08008774
                0x24000000                        . = ALIGN (0x4)
                0x24000000                        _sdata = .
 *(.data)
 *(.data*)
 .data.Font_11x18
                0x24000000        0x8 ./Core/Src/fonts.o
                0x24000000                Font_11x18
 .data.send_buffer
                0x24000008       0x14 ./Core/Src/main.o
                0x24000008                send_buffer
 .data.SystemCoreClock
                0x2400001c        0x4 ./Core/Src/system_stm32h7xx.o
                0x2400001c                SystemCoreClock
 .data.SystemD2Clock
                0x24000020        0x4 ./Core/Src/system_stm32h7xx.o
                0x24000020                SystemD2Clock
 .data.uwTickPrio
                0x24000024        0x4 ./Drivers/STM32H7xx_HAL_Driver/Src/stm32h7xx_hal.o
                0x24000024                uwTickPrio
 .data.uwTickFreq
                0x24000028        0x1 ./Drivers/STM32H7xx_HAL_Driver/Src/stm32h7xx_hal.o
                0x24000028                uwTickFreq
 *(.RamFunc)
 *(.RamFunc*)
                0x2400002c                        . = ALIGN (0x4)
 *fill*         0x24000029        0x3 
                0x2400002c                        _edata = .

.igot.plt       0x2400002c        0x0 load address 0x080087a0
 .igot.plt      0x2400002c        0x0 /opt/st/stm32cubeide_2.2.0/plugins/com.st.stm32cube.ide.mcu.externaltools.gnu-tools-for-stm32.14.3.rel1.linux64_1.0.100.202602081740/tools/bin/../lib/gcc/arm-none-eabi/14.3.1/thumb/v7e-m+dp/hard/crtbegin.o
                0x2400002c                        . = ALIGN (0x4)

.bss            0x2400002c      0x510 load address 0x080087a0
                0x2400002c                        _sbss = .
                0x2400002c                        __bss_start__ = _sbss
 *(.bss)
 .bss           0x2400002c       0x1c /opt/st/stm32cubeide_2.2.0/plugins/com.st.stm32cube.ide.mcu.externaltools.gnu-tools-for-stm32.14.3.rel1.linux64_1.0.100.202602081740/tools/bin/../lib/gcc/arm-none-eabi/14.3.1/thumb/v7e-m+dp/hard/crtbegin.o
 *(.bss*)
 .bss.hi2c2     0x24000048       0x54 ./Core/Src/main.o
                0x24000048                hi2c2
 .bss.huart3    0x2400009c       0x94 ./Core/Src/main.o
                0x2400009c                huart3
 .bss.SSD1306_Buffer
                0x24000130      0x400 ./Core/Src/ssd1306.o
 .bss.SSD1306   0x24000530        0x6 ./Core/Src/ssd1306.o
 *fill*         0x24000536        0x2 
 .bss.uwTick    0x24000538        0x4 ./Drivers/STM32H7xx_HAL_Driver/Src/stm32h7xx_hal.o
                0x24000538                uwTick
 *(COMMON)
                0x2400053c                        . = ALIGN (0x4)
                0x2400053c                        _ebss = .
                0x2400053c                        __bss_end__ = _ebss

._user_heap_stack
                0x2400053c      0x604 load address 0x080087a0
                0x24000540                        . = ALIGN (0x8)
 *fill*         0x2400053c        0x4 
                [!provide]                        PROVIDE (end = .)
                0x24000540                        PROVIDE (_end = .)
                0x24000740                        . = (. + _Min_Heap_Size)
 *fill*         0x24000540      0x200 
                0x24000b40                        . = (. + _Min_Stack_Size)
 *fill*         0x24000740      0x400 
                0x24000b40                        . = ALIGN (0x8)

/DISCARD/
 libc.a(*)
 libm.a(*)
 libgcc.a(*)

.ARM.attributes
                0x00000000       0x2e
 *(.ARM.attributes)
 .ARM.attributes
                0x00000000       0x20 /opt/st/stm32cubeide_2.2.0/plugins/com.st.stm32cube.ide.mcu.externaltools.gnu-tools-for-stm32.14.3.rel1.linux64_1.0.100.202602081740/tools/bin/../lib/gcc/arm-none-eabi/14.3.1/thumb/v7e-m+dp/hard/crti.o
 .ARM.attributes
                0x00000020       0x32 /opt/st/stm32cubeide_2.2.0/plugins/com.st.stm32cube.ide.mcu.externaltools.gnu-tools-for-stm32.14.3.rel1.linux64_1.0.100.202602081740/tools/bin/../lib/gcc/arm-none-eabi/14.3.1/thumb/v7e-m+dp/hard/crtbegin.o
 .ARM.attributes
                0x00000052       0x32 ./Core/Src/fonts.o
 .ARM.attributes
                0x00000084       0x32 ./Core/Src/main.o
 .ARM.attributes
                0x000000b6       0x32 ./Core/Src/ssd1306.o
 .ARM.attributes
                0x000000e8       0x32 ./Core/Src/stm32h7xx_hal_msp.o
 .ARM.attributes
                0x0000011a       0x32 ./Core/Src/stm32h7xx_it.o
 .ARM.attributes
                0x0000014c       0x32 ./Core/Src/system_stm32h7xx.o
 .ARM.attributes
                0x0000017e       0x21 ./Core/Startup/startup_stm32h723zgtx.o
 .ARM.attributes
                0x0000019f       0x32 ./Drivers/STM32H7xx_HAL_Driver/Src/stm32h7xx_hal.o
 .ARM.attributes
                0x000001d1       0x32 ./Drivers/STM32H7xx_HAL_Driver/Src/stm32h7xx_hal_cortex.o
 .ARM.attributes
                0x00000203       0x32 ./Drivers/STM32H7xx_HAL_Driver/Src/stm32h7xx_hal_dma.o
 .ARM.attributes
                0x00000235       0x32 ./Drivers/STM32H7xx_HAL_Driver/Src/stm32h7xx_hal_gpio.o
 .ARM.attributes
                0x00000267       0x32 ./Drivers/STM32H7xx_HAL_Driver/Src/stm32h7xx_hal_i2c.o
 .ARM.attributes
                0x00000299       0x32 ./Drivers/STM32H7xx_HAL_Driver/Src/stm32h7xx_hal_i2c_ex.o
 .ARM.attributes
                0x000002cb       0x32 ./Drivers/STM32H7xx_HAL_Driver/Src/stm32h7xx_hal_pwr_ex.o
 .ARM.attributes
                0x000002fd       0x32 ./Drivers/STM32H7xx_HAL_Driver/Src/stm32h7xx_hal_rcc.o
 .ARM.attributes
                0x0000032f       0x32 ./Drivers/STM32H7xx_HAL_Driver/Src/stm32h7xx_hal_rcc_ex.o
 .ARM.attributes
                0x00000361       0x32 ./Drivers/STM32H7xx_HAL_Driver/Src/stm32h7xx_hal_uart.o
 .ARM.attributes
                0x00000393       0x32 ./Drivers/STM32H7xx_HAL_Driver/Src/stm32h7xx_hal_uart_ex.o
 .ARM.attributes
                0x000003c5       0x32 /opt/st/stm32cubeide_2.2.0/plugins/com.st.stm32cube.ide.mcu.externaltools.gnu-tools-for-stm32.14.3.rel1.linux64_1.0.100.202602081740/tools/bin/../lib/gcc/arm-none-eabi/14.3.1/../../../../arm-none-eabi/lib/thumb/v7e-m+dp/hard/libc_nano.a(libc_a-memset.o)
 .ARM.attributes
                0x000003f7       0x32 /opt/st/stm32cubeide_2.2.0/plugins/com.st.stm32cube.ide.mcu.externaltools.gnu-tools-for-stm32.14.3.rel1.linux64_1.0.100.202602081740/tools/bin/../lib/gcc/arm-none-eabi/14.3.1/../../../../arm-none-eabi/lib/thumb/v7e-m+dp/hard/libc_nano.a(libc_a-init.o)
 .ARM.attributes
                0x00000429       0x20 /opt/st/stm32cubeide_2.2.0/plugins/com.st.stm32cube.ide.mcu.externaltools.gnu-tools-for-stm32.14.3.rel1.linux64_1.0.100.202602081740/tools/bin/../lib/gcc/arm-none-eabi/14.3.1/thumb/v7e-m+dp/hard/libgcc.a(_aeabi_uldivmod.o)
 .ARM.attributes
                0x00000449       0x32 /opt/st/stm32cubeide_2.2.0/plugins/com.st.stm32cube.ide.mcu.externaltools.gnu-tools-for-stm32.14.3.rel1.linux64_1.0.100.202602081740/tools/bin/../lib/gcc/arm-none-eabi/14.3.1/thumb/v7e-m+dp/hard/libgcc.a(_udivmoddi4.o)
 .ARM.attributes
                0x0000047b       0x20 /opt/st/stm32cubeide_2.2.0/plugins/com.st.stm32cube.ide.mcu.externaltools.gnu-tools-for-stm32.14.3.rel1.linux64_1.0.100.202602081740/tools/bin/../lib/gcc/arm-none-eabi/14.3.1/thumb/v7e-m+dp/hard/libgcc.a(_dvmd_tls.o)
 .ARM.attributes
                0x0000049b       0x20 /opt/st/stm32cubeide_2.2.0/plugins/com.st.stm32cube.ide.mcu.externaltools.gnu-tools-for-stm32.14.3.rel1.linux64_1.0.100.202602081740/tools/bin/../lib/gcc/arm-none-eabi/14.3.1/thumb/v7e-m+dp/hard/crtn.o
OUTPUT(starter.elf elf32-littlearm)
LOAD linker stubs
LOAD /opt/st/stm32cubeide_2.2.0/plugins/com.st.stm32cube.ide.mcu.externaltools.gnu-tools-for-stm32.14.3.rel1.linux64_1.0.100.202602081740/tools/bin/../lib/gcc/arm-none-eabi/14.3.1/../../../../arm-none-eabi/lib/thumb/v7e-m+dp/hard/libc.a
LOAD /opt/st/stm32cubeide_2.2.0/plugins/com.st.stm32cube.ide.mcu.externaltools.gnu-tools-for-stm32.14.3.rel1.linux64_1.0.100.202602081740/tools/bin/../lib/gcc/arm-none-eabi/14.3.1/../../../../arm-none-eabi/lib/thumb/v7e-m+dp/hard/libm.a
LOAD /opt/st/stm32cubeide_2.2.0/plugins/com.st.stm32cube.ide.mcu.externaltools.gnu-tools-for-stm32.14.3.rel1.linux64_1.0.100.202602081740/tools/bin/../lib/gcc/arm-none-eabi/14.3.1/thumb/v7e-m+dp/hard/libgcc.a

.debug_info     0x00000000    0x14e2d
 .debug_info    0x00000000      0x263 ./Core/Src/fonts.o
 .debug_info    0x00000263     0x16ae ./Core/Src/main.o
 .debug_info    0x00001911     0x1148 ./Core/Src/ssd1306.o
 .debug_info    0x00002a59     0x177e ./Core/Src/stm32h7xx_hal_msp.o
 .debug_info    0x000041d7      0x82f ./Core/Src/stm32h7xx_it.o
 .debug_info    0x00004a06      0xbff ./Core/Src/system_stm32h7xx.o
 .debug_info    0x00005605       0x30 ./Core/Startup/startup_stm32h723zgtx.o
 .debug_info    0x00005635     0x1698 ./Drivers/STM32H7xx_HAL_Driver/Src/stm32h7xx_hal.o
 .debug_info    0x00006ccd     0x10b2 ./Drivers/STM32H7xx_HAL_Driver/Src/stm32h7xx_hal_cortex.o
 .debug_info    0x00007d7f      0xb71 ./Drivers/STM32H7xx_HAL_Driver/Src/stm32h7xx_hal_dma.o
 .debug_info    0x000088f0      0xc6b ./Drivers/STM32H7xx_HAL_Driver/Src/stm32h7xx_hal_gpio.o
 .debug_info    0x0000955b     0x22ba ./Drivers/STM32H7xx_HAL_Driver/Src/stm32h7xx_hal_i2c.o
 .debug_info    0x0000b815      0xd95 ./Drivers/STM32H7xx_HAL_Driver/Src/stm32h7xx_hal_i2c_ex.o
 .debug_info    0x0000c5aa      0xddb ./Drivers/STM32H7xx_HAL_Driver/Src/stm32h7xx_hal_pwr_ex.o
 .debug_info    0x0000d385      0xd8c ./Drivers/STM32H7xx_HAL_Driver/Src/stm32h7xx_hal_rcc.o
 .debug_info    0x0000e111     0x120b ./Drivers/STM32H7xx_HAL_Driver/Src/stm32h7xx_hal_rcc_ex.o
 .debug_info    0x0000f31c     0x4b53 ./Drivers/STM32H7xx_HAL_Driver/Src/stm32h7xx_hal_uart.o
 .debug_info    0x00013e6f      0xfbe ./Drivers/STM32H7xx_HAL_Driver/Src/stm32h7xx_hal_uart_ex.o

.debug_abbrev   0x00000000     0x2811
 .debug_abbrev  0x00000000      0x11c ./Core/Src/fonts.o
 .debug_abbrev  0x0000011c      0x2fc ./Core/Src/main.o
 .debug_abbrev  0x00000418      0x2c7 ./Core/Src/ssd1306.o
 .debug_abbrev  0x000006df      0x217 ./Core/Src/stm32h7xx_hal_msp.o
 .debug_abbrev  0x000008f6      0x170 ./Core/Src/stm32h7xx_it.o
 .debug_abbrev  0x00000a66      0x153 ./Core/Src/system_stm32h7xx.o
 .debug_abbrev  0x00000bb9       0x24 ./Core/Startup/startup_stm32h723zgtx.o
 .debug_abbrev  0x00000bdd      0x29e ./Drivers/STM32H7xx_HAL_Driver/Src/stm32h7xx_hal.o
 .debug_abbrev  0x00000e7b      0x339 ./Drivers/STM32H7xx_HAL_Driver/Src/stm32h7xx_hal_cortex.o
 .debug_abbrev  0x000011b4      0x248 ./Drivers/STM32H7xx_HAL_Driver/Src/stm32h7xx_hal_dma.o
 .debug_abbrev  0x000013fc      0x205 ./Drivers/STM32H7xx_HAL_Driver/Src/stm32h7xx_hal_gpio.o
 .debug_abbrev  0x00001601      0x25d ./Drivers/STM32H7xx_HAL_Driver/Src/stm32h7xx_hal_i2c.o
 .debug_abbrev  0x0000185e      0x1f5 ./Drivers/STM32H7xx_HAL_Driver/Src/stm32h7xx_hal_i2c_ex.o
 .debug_abbrev  0x00001a53      0x295 ./Drivers/STM32H7xx_HAL_Driver/Src/stm32h7xx_hal_pwr_ex.o
 .debug_abbrev  0x00001ce8      0x2b1 ./Drivers/STM32H7xx_HAL_Driver/Src/stm32h7xx_hal_rcc.o
 .debug_abbrev  0x00001f99      0x269 ./Drivers/STM32H7xx_HAL_Driver/Src/stm32h7xx_hal_rcc_ex.o
 .debug_abbrev  0x00002202      0x33d ./Drivers/STM32H7xx_HAL_Driver/Src/stm32h7xx_hal_uart.o
 .debug_abbrev  0x0000253f      0x2d2 ./Drivers/STM32H7xx_HAL_Driver/Src/stm32h7xx_hal_uart_ex.o

.debug_aranges  0x00000000      0xef8
 .debug_aranges
                0x00000000       0x20 ./Core/Src/fonts.o
 .debug_aranges
                0x00000020       0x50 ./Core/Src/main.o
 .debug_aranges
                0x00000070       0xf8 ./Core/Src/ssd1306.o
 .debug_aranges
                0x00000168       0x40 ./Core/Src/stm32h7xx_hal_msp.o
 .debug_aranges
                0x000001a8       0x68 ./Core/Src/stm32h7xx_it.o
 .debug_aranges
                0x00000210       0x30 ./Core/Src/system_stm32h7xx.o
 .debug_aranges
                0x00000240       0x28 ./Core/Startup/startup_stm32h723zgtx.o
 .debug_aranges
                0x00000268      0x1c8 ./Drivers/STM32H7xx_HAL_Driver/Src/stm32h7xx_hal.o
 .debug_aranges
                0x00000430      0x130 ./Drivers/STM32H7xx_HAL_Driver/Src/stm32h7xx_hal_cortex.o
 .debug_aranges
                0x00000560       0xa0 ./Drivers/STM32H7xx_HAL_Driver/Src/stm32h7xx_hal_dma.o
 .debug_aranges
                0x00000600       0x58 ./Drivers/STM32H7xx_HAL_Driver/Src/stm32h7xx_hal_gpio.o
 .debug_aranges
                0x00000658      0x2a0 ./Drivers/STM32H7xx_HAL_Driver/Src/stm32h7xx_hal_i2c.o
 .debug_aranges
                0x000008f8       0x48 ./Drivers/STM32H7xx_HAL_Driver/Src/stm32h7xx_hal_i2c_ex.o
 .debug_aranges
                0x00000940      0x148 ./Drivers/STM32H7xx_HAL_Driver/Src/stm32h7xx_hal_pwr_ex.o
 .debug_aranges
                0x00000a88       0x88 ./Drivers/STM32H7xx_HAL_Driver/Src/stm32h7xx_hal_rcc.o
 .debug_aranges
                0x00000b10       0xf8 ./Drivers/STM32H7xx_HAL_Driver/Src/stm32h7xx_hal_rcc_ex.o
 .debug_aranges
                0x00000c08      0x248 ./Drivers/STM32H7xx_HAL_Driver/Src/stm32h7xx_hal_uart.o
 .debug_aranges
                0x00000e50       0xa8 ./Drivers/STM32H7xx_HAL_Driver/Src/stm32h7xx_hal_uart_ex.o

.debug_rnglists
                0x00000000      0xbaa
 .debug_rnglists
                0x00000000       0x13 ./Core/Src/fonts.o
 .debug_rnglists
                0x00000013       0x3c ./Core/Src/main.o
 .debug_rnglists
                0x0000004f       0xc2 ./Core/Src/ssd1306.o
 .debug_rnglists
                0x00000111       0x2d ./Core/Src/stm32h7xx_hal_msp.o
 .debug_rnglists
                0x0000013e       0x49 ./Core/Src/stm32h7xx_it.o
 .debug_rnglists
                0x00000187       0x21 ./Core/Src/system_stm32h7xx.o
 .debug_rnglists
                0x000001a8       0x19 ./Core/Startup/startup_stm32h723zgtx.o
 .debug_rnglists
                0x000001c1      0x155 ./Drivers/STM32H7xx_HAL_Driver/Src/stm32h7xx_hal.o
 .debug_rnglists
                0x00000316       0xe0 ./Drivers/STM32H7xx_HAL_Driver/Src/stm32h7xx_hal_cortex.o
 .debug_rnglists
                0x000003f6       0x82 ./Drivers/STM32H7xx_HAL_Driver/Src/stm32h7xx_hal_dma.o
 .debug_rnglists
                0x00000478       0x3f ./Drivers/STM32H7xx_HAL_Driver/Src/stm32h7xx_hal_gpio.o
 .debug_rnglists
                0x000004b7      0x22a ./Drivers/STM32H7xx_HAL_Driver/Src/stm32h7xx_hal_i2c.o
 .debug_rnglists
                0x000006e1       0x35 ./Drivers/STM32H7xx_HAL_Driver/Src/stm32h7xx_hal_i2c_ex.o
 .debug_rnglists
                0x00000716       0xf5 ./Drivers/STM32H7xx_HAL_Driver/Src/stm32h7xx_hal_pwr_ex.o
 .debug_rnglists
                0x0000080b       0x68 ./Drivers/STM32H7xx_HAL_Driver/Src/stm32h7xx_hal_rcc.o
 .debug_rnglists
                0x00000873       0xc0 ./Drivers/STM32H7xx_HAL_Driver/Src/stm32h7xx_hal_rcc_ex.o
 .debug_rnglists
                0x00000933      0x1f8 ./Drivers/STM32H7xx_HAL_Driver/Src/stm32h7xx_hal_uart.o
 .debug_rnglists
                0x00000b2b       0x7f ./Drivers/STM32H7xx_HAL_Driver/Src/stm32h7xx_hal_uart_ex.o

.debug_macro    0x00000000    0x325d9
 .debug_macro   0x00000000      0x2e9 ./Core/Src/fonts.o
 .debug_macro   0x000002e9      0xaf6 ./Core/Src/fonts.o
 .debug_macro   0x00000ddf      0x232 ./Core/Src/fonts.o
 .debug_macro   0x00001011       0x2e ./Core/Src/fonts.o
 .debug_macro   0x0000103f       0x3b ./Core/Src/fonts.o
 .debug_macro   0x0000107a       0x22 ./Core/Src/fonts.o
 .debug_macro   0x0000109c       0x8e ./Core/Src/fonts.o
 .debug_macro   0x0000112a       0x51 ./Core/Src/fonts.o
 .debug_macro   0x0000117b      0x103 ./Core/Src/fonts.o
 .debug_macro   0x0000127e       0x6a ./Core/Src/fonts.o
 .debug_macro   0x000012e8      0x1df ./Core/Src/fonts.o
 .debug_macro   0x000014c7       0x1c ./Core/Src/fonts.o
 .debug_macro   0x000014e3       0x22 ./Core/Src/fonts.o
 .debug_macro   0x00001505       0xfb ./Core/Src/fonts.o
 .debug_macro   0x00001600     0x1313 ./Core/Src/fonts.o
 .debug_macro   0x00002913      0x11f ./Core/Src/fonts.o
 .debug_macro   0x00002a32       0x22 ./Core/Src/fonts.o
 .debug_macro   0x00002a54    0x216c1 ./Core/Src/fonts.o
 .debug_macro   0x00024115       0x6d ./Core/Src/fonts.o
 .debug_macro   0x00024182     0x3d64 ./Core/Src/fonts.o
 .debug_macro   0x00027ee6      0x190 ./Core/Src/fonts.o
 .debug_macro   0x00028076       0x61 ./Core/Src/fonts.o
 .debug_macro   0x000280d7       0x29 ./Core/Src/fonts.o
 .debug_macro   0x00028100       0x43 ./Core/Src/fonts.o
 .debug_macro   0x00028143       0x34 ./Core/Src/fonts.o
 .debug_macro   0x00028177      0x364 ./Core/Src/fonts.o
 .debug_macro   0x000284db       0x16 ./Core/Src/fonts.o
 .debug_macro   0x000284f1       0x4a ./Core/Src/fonts.o
 .debug_macro   0x0002853b       0x34 ./Core/Src/fonts.o
 .debug_macro   0x0002856f       0x10 ./Core/Src/fonts.o
 .debug_macro   0x0002857f       0x58 ./Core/Src/fonts.o
 .debug_macro   0x000285d7       0x8e ./Core/Src/fonts.o
 .debug_macro   0x00028665       0x1c ./Core/Src/fonts.o
 .debug_macro   0x00028681      0x17e ./Core/Src/fonts.o
 .debug_macro   0x000287ff      0x19b ./Core/Src/fonts.o
 .debug_macro   0x0002899a       0x5d ./Core/Src/fonts.o
 .debug_macro   0x000289f7     0x2462 ./Core/Src/fonts.o
 .debug_macro   0x0002ae59     0x1079 ./Core/Src/fonts.o
 .debug_macro   0x0002bed2      0x154 ./Core/Src/fonts.o
 .debug_macro   0x0002c026      0x114 ./Core/Src/fonts.o
 .debug_macro   0x0002c13a      0x3fc ./Core/Src/fonts.o
 .debug_macro   0x0002c536       0xac ./Core/Src/fonts.o
 .debug_macro   0x0002c5e2      0x788 ./Core/Src/fonts.o
 .debug_macro   0x0002cd6a      0x228 ./Core/Src/fonts.o
 .debug_macro   0x0002cf92       0x66 ./Core/Src/fonts.o
 .debug_macro   0x0002cff8      0x3a6 ./Core/Src/fonts.o
 .debug_macro   0x0002d39e      0x3f9 ./Core/Src/fonts.o
 .debug_macro   0x0002d797      0x275 ./Core/Src/fonts.o
 .debug_macro   0x0002da0c      0x3ca ./Core/Src/fonts.o
 .debug_macro   0x0002ddd6      0x45c ./Core/Src/fonts.o
 .debug_macro   0x0002e232       0x3c ./Core/Src/fonts.o
 .debug_macro   0x0002e26e       0x4a ./Core/Src/fonts.o
 .debug_macro   0x0002e2b8      0x22c ./Core/Src/fonts.o
 .debug_macro   0x0002e4e4       0x67 ./Core/Src/fonts.o
 .debug_macro   0x0002e54b       0xa5 ./Core/Src/fonts.o
 .debug_macro   0x0002e5f0      0x1c4 ./Core/Src/fonts.o
 .debug_macro   0x0002e7b4      0x22a ./Core/Src/fonts.o
 .debug_macro   0x0002e9de       0x35 ./Core/Src/fonts.o
 .debug_macro   0x0002ea13      0x693 ./Core/Src/fonts.o
 .debug_macro   0x0002f0a6       0xa6 ./Core/Src/fonts.o
 .debug_macro   0x0002f14c      0x5f2 ./Core/Src/fonts.o
 .debug_macro   0x0002f73e       0x1c ./Core/Src/fonts.o
 .debug_macro   0x0002f75a       0x16 ./Core/Src/fonts.o
 .debug_macro   0x0002f770       0x3c ./Core/Src/fonts.o
 .debug_macro   0x0002f7ac       0x20 ./Core/Src/fonts.o
 .debug_macro   0x0002f7cc      0x336 ./Core/Src/main.o
 .debug_macro   0x0002fb02       0x16 ./Core/Src/main.o
 .debug_macro   0x0002fb18       0x16 ./Core/Src/main.o
 .debug_macro   0x0002fb2e       0x29 ./Core/Src/main.o
 .debug_macro   0x0002fb57       0x53 ./Core/Src/main.o
 .debug_macro   0x0002fbaa      0x344 ./Core/Src/ssd1306.o
 .debug_macro   0x0002feee      0x2af ./Core/Src/stm32h7xx_hal_msp.o
 .debug_macro   0x0003019d      0x2b9 ./Core/Src/stm32h7xx_it.o
 .debug_macro   0x00030456      0x2a0 ./Core/Src/system_stm32h7xx.o
 .debug_macro   0x000306f6      0x2ca ./Drivers/STM32H7xx_HAL_Driver/Src/stm32h7xx_hal.o
 .debug_macro   0x000309c0      0x2a0 ./Drivers/STM32H7xx_HAL_Driver/Src/stm32h7xx_hal_cortex.o
 .debug_macro   0x00030c60      0x2f4 ./Drivers/STM32H7xx_HAL_Driver/Src/stm32h7xx_hal_dma.o
 .debug_macro   0x00030f54      0x2a7 ./Drivers/STM32H7xx_HAL_Driver/Src/stm32h7xx_hal_gpio.o
 .debug_macro   0x000311fb      0x36c ./Drivers/STM32H7xx_HAL_Driver/Src/stm32h7xx_hal_i2c.o
 .debug_macro   0x00031567      0x2a0 ./Drivers/STM32H7xx_HAL_Driver/Src/stm32h7xx_hal_i2c_ex.o
 .debug_macro   0x00031807      0x2d9 ./Drivers/STM32H7xx_HAL_Driver/Src/stm32h7xx_hal_pwr_ex.o
 .debug_macro   0x00031ae0      0x2c4 ./Drivers/STM32H7xx_HAL_Driver/Src/stm32h7xx_hal_rcc.o
 .debug_macro   0x00031da4      0x2be ./Drivers/STM32H7xx_HAL_Driver/Src/stm32h7xx_hal_rcc_ex.o
 .debug_macro   0x00032062      0x2cb ./Drivers/STM32H7xx_HAL_Driver/Src/stm32h7xx_hal_uart.o
 .debug_macro   0x0003232d      0x2ac ./Drivers/STM32H7xx_HAL_Driver/Src/stm32h7xx_hal_uart_ex.o

.debug_line     0x00000000    0x1586c
 .debug_line    0x00000000      0x83d ./Core/Src/fonts.o
 .debug_line    0x0000083d      0xa27 ./Core/Src/main.o
 .debug_line    0x00001264      0xfb2 ./Core/Src/ssd1306.o
 .debug_line    0x00002216      0x8c1 ./Core/Src/stm32h7xx_hal_msp.o
 .debug_line    0x00002ad7      0x8bd ./Core/Src/stm32h7xx_it.o
 .debug_line    0x00003394      0x9f3 ./Core/Src/system_stm32h7xx.o
 .debug_line    0x00003d87       0x7b ./Core/Startup/startup_stm32h723zgtx.o
 .debug_line    0x00003e02      0xe62 ./Drivers/STM32H7xx_HAL_Driver/Src/stm32h7xx_hal.o
 .debug_line    0x00004c64      0xdb4 ./Drivers/STM32H7xx_HAL_Driver/Src/stm32h7xx_hal_cortex.o
 .debug_line    0x00005a18     0x274b ./Drivers/STM32H7xx_HAL_Driver/Src/stm32h7xx_hal_dma.o
 .debug_line    0x00008163      0xc53 ./Drivers/STM32H7xx_HAL_Driver/Src/stm32h7xx_hal_gpio.o
 .debug_line    0x00008db6     0x3b3e ./Drivers/STM32H7xx_HAL_Driver/Src/stm32h7xx_hal_i2c.o
 .debug_line    0x0000c8f4      0x95c ./Drivers/STM32H7xx_HAL_Driver/Src/stm32h7xx_hal_i2c_ex.o
 .debug_line    0x0000d250      0xe9d ./Drivers/STM32H7xx_HAL_Driver/Src/stm32h7xx_hal_pwr_ex.o
 .debug_line    0x0000e0ed     0x13dc ./Drivers/STM32H7xx_HAL_Driver/Src/stm32h7xx_hal_rcc.o
 .debug_line    0x0000f4c9     0x1c90 ./Drivers/STM32H7xx_HAL_Driver/Src/stm32h7xx_hal_rcc_ex.o
 .debug_line    0x00011159     0x39b9 ./Drivers/STM32H7xx_HAL_Driver/Src/stm32h7xx_hal_uart.o
 .debug_line    0x00014b12      0xd5a ./Drivers/STM32H7xx_HAL_Driver/Src/stm32h7xx_hal_uart_ex.o

.debug_str      0x00000000   0x14236b
 .debug_str     0x00000000   0x14236b ./Core/Src/fonts.o
                             0x13c49d (size before relaxing)
 .debug_str     0x0014236b   0x13d688 ./Core/Src/main.o
 .debug_str     0x0014236b   0x13d0b6 ./Core/Src/ssd1306.o
 .debug_str     0x0014236b   0x13da32 ./Core/Src/stm32h7xx_hal_msp.o
 .debug_str     0x0014236b   0x13c9cd ./Core/Src/stm32h7xx_it.o
 .debug_str     0x0014236b   0x13c7fd ./Core/Src/system_stm32h7xx.o
 .debug_str     0x0014236b       0x73 ./Core/Startup/startup_stm32h723zgtx.o
 .debug_str     0x0014236b   0x13d841 ./Drivers/STM32H7xx_HAL_Driver/Src/stm32h7xx_hal.o
 .debug_str     0x0014236b   0x13d162 ./Drivers/STM32H7xx_HAL_Driver/Src/stm32h7xx_hal_cortex.o
 .debug_str     0x0014236b   0x13cf6c ./Drivers/STM32H7xx_HAL_Driver/Src/stm32h7xx_hal_dma.o
 .debug_str     0x0014236b   0x13c802 ./Drivers/STM32H7xx_HAL_Driver/Src/stm32h7xx_hal_gpio.o
 .debug_str     0x0014236b   0x13d8a1 ./Drivers/STM32H7xx_HAL_Driver/Src/stm32h7xx_hal_i2c.o
 .debug_str     0x0014236b   0x13cc47 ./Drivers/STM32H7xx_HAL_Driver/Src/stm32h7xx_hal_i2c_ex.o
 .debug_str     0x0014236b   0x13cc11 ./Drivers/STM32H7xx_HAL_Driver/Src/stm32h7xx_hal_pwr_ex.o
 .debug_str     0x0014236b   0x13cb85 ./Drivers/STM32H7xx_HAL_Driver/Src/stm32h7xx_hal_rcc.o
 .debug_str     0x0014236b   0x13d09d ./Drivers/STM32H7xx_HAL_Driver/Src/stm32h7xx_hal_rcc_ex.o
 .debug_str     0x0014236b   0x13d725 ./Drivers/STM32H7xx_HAL_Driver/Src/stm32h7xx_hal_uart.o
 .debug_str     0x0014236b   0x13cce5 ./Drivers/STM32H7xx_HAL_Driver/Src/stm32h7xx_hal_uart_ex.o

.comment        0x00000000       0x43
 .comment       0x00000000       0x43 ./Core/Src/fonts.o
                                 0x44 (size before relaxing)
 .comment       0x00000043       0x44 ./Core/Src/main.o
 .comment       0x00000043       0x44 ./Core/Src/ssd1306.o
 .comment       0x00000043       0x44 ./Core/Src/stm32h7xx_hal_msp.o
 .comment       0x00000043       0x44 ./Core/Src/stm32h7xx_it.o
 .comment       0x00000043       0x44 ./Core/Src/system_stm32h7xx.o
 .comment       0x00000043       0x44 ./Drivers/STM32H7xx_HAL_Driver/Src/stm32h7xx_hal.o
 .comment       0x00000043       0x44 ./Drivers/STM32H7xx_HAL_Driver/Src/stm32h7xx_hal_cortex.o
 .comment       0x00000043       0x44 ./Drivers/STM32H7xx_HAL_Driver/Src/stm32h7xx_hal_dma.o
 .comment       0x00000043       0x44 ./Drivers/STM32H7xx_HAL_Driver/Src/stm32h7xx_hal_gpio.o
 .comment       0x00000043       0x44 ./Drivers/STM32H7xx_HAL_Driver/Src/stm32h7xx_hal_i2c.o
 .comment       0x00000043       0x44 ./Drivers/STM32H7xx_HAL_Driver/Src/stm32h7xx_hal_i2c_ex.o
 .comment       0x00000043       0x44 ./Drivers/STM32H7xx_HAL_Driver/Src/stm32h7xx_hal_pwr_ex.o
 .comment       0x00000043       0x44 ./Drivers/STM32H7xx_HAL_Driver/Src/stm32h7xx_hal_rcc.o
 .comment       0x00000043       0x44 ./Drivers/STM32H7xx_HAL_Driver/Src/stm32h7xx_hal_rcc_ex.o
 .comment       0x00000043       0x44 ./Drivers/STM32H7xx_HAL_Driver/Src/stm32h7xx_hal_uart.o
 .comment       0x00000043       0x44 ./Drivers/STM32H7xx_HAL_Driver/Src/stm32h7xx_hal_uart_ex.o

.debug_frame    0x00000000     0x3b38
 .debug_frame   0x00000000       0x38 ./Core/Src/fonts.o
 .debug_frame   0x00000038       0xe8 ./Core/Src/main.o
 .debug_frame   0x00000120      0x404 ./Core/Src/ssd1306.o
 .debug_frame   0x00000524       0xcc ./Core/Src/stm32h7xx_hal_msp.o
 .debug_frame   0x000005f0      0x114 ./Core/Src/stm32h7xx_it.o
 .debug_frame   0x00000704       0x60 ./Core/Src/system_stm32h7xx.o
 .debug_frame   0x00000764      0x6a0 ./Drivers/STM32H7xx_HAL_Driver/Src/stm32h7xx_hal.o
 .debug_frame   0x00000e04      0x4b8 ./Drivers/STM32H7xx_HAL_Driver/Src/stm32h7xx_hal_cortex.o
 .debug_frame   0x000012bc      0x290 ./Drivers/STM32H7xx_HAL_Driver/Src/stm32h7xx_hal_dma.o
 .debug_frame   0x0000154c      0x130 ./Drivers/STM32H7xx_HAL_Driver/Src/stm32h7xx_hal_gpio.o
 .debug_frame   0x0000167c      0xbf0 ./Drivers/STM32H7xx_HAL_Driver/Src/stm32h7xx_hal_i2c.o
 .debug_frame   0x0000226c       0xe8 ./Drivers/STM32H7xx_HAL_Driver/Src/stm32h7xx_hal_i2c_ex.o
 .debug_frame   0x00002354      0x4c8 ./Drivers/STM32H7xx_HAL_Driver/Src/stm32h7xx_hal_pwr_ex.o
 .debug_frame   0x0000281c      0x1e4 ./Drivers/STM32H7xx_HAL_Driver/Src/stm32h7xx_hal_rcc.o
 .debug_frame   0x00002a00      0x3d4 ./Drivers/STM32H7xx_HAL_Driver/Src/stm32h7xx_hal_rcc_ex.o
 .debug_frame   0x00002dd4      0xa1c ./Drivers/STM32H7xx_HAL_Driver/Src/stm32h7xx_hal_uart.o
 .debug_frame   0x000037f0      0x29c ./Drivers/STM32H7xx_HAL_Driver/Src/stm32h7xx_hal_uart_ex.o
 .debug_frame   0x00003a8c       0x20 /opt/st/stm32cubeide_2.2.0/plugins/com.st.stm32cube.ide.mcu.externaltools.gnu-tools-for-stm32.14.3.rel1.linux64_1.0.100.202602081740/tools/bin/../lib/gcc/arm-none-eabi/14.3.1/../../../../arm-none-eabi/lib/thumb/v7e-m+dp/hard/libc_nano.a(libc_a-memset.o)
 .debug_frame   0x00003aac       0x2c /opt/st/stm32cubeide_2.2.0/plugins/com.st.stm32cube.ide.mcu.externaltools.gnu-tools-for-stm32.14.3.rel1.linux64_1.0.100.202602081740/tools/bin/../lib/gcc/arm-none-eabi/14.3.1/../../../../arm-none-eabi/lib/thumb/v7e-m+dp/hard/libc_nano.a(libc_a-init.o)
 .debug_frame   0x00003ad8       0x2c /opt/st/stm32cubeide_2.2.0/plugins/com.st.stm32cube.ide.mcu.externaltools.gnu-tools-for-stm32.14.3.rel1.linux64_1.0.100.202602081740/tools/bin/../lib/gcc/arm-none-eabi/14.3.1/thumb/v7e-m+dp/hard/libgcc.a(_aeabi_uldivmod.o)
 .debug_frame   0x00003b04       0x34 /opt/st/stm32cubeide_2.2.0/plugins/com.st.stm32cube.ide.mcu.externaltools.gnu-tools-for-stm32.14.3.rel1.linux64_1.0.100.202602081740/tools/bin/../lib/gcc/arm-none-eabi/14.3.1/thumb/v7e-m+dp/hard/libgcc.a(_udivmoddi4.o)

.debug_line_str
                0x00000000       0x57
 .debug_line_str
                0x00000000       0x57 ./Core/Startup/startup_stm32h723zgtx.o
